;  LST file generated by mikroListExporter - v.2.0 
; Date/Time: 2/28/2026 11:15:11 AM
;----------------------------------------------

;Address Opcode 	ASM
0x0000	0x286D      	GOTO       109
_interrupt:
0x0004	0x00FF      	MOVWF      R15
0x0005	0x0E03      	SWAPF      STATUS, 0
0x0006	0x0183      	CLRF       STATUS
0x0007	0x00A5      	MOVWF      ___saveSTATUS
0x0008	0x080A      	MOVF       PCLATH, 0
0x0009	0x00A6      	MOVWF      ___savePCLATH
0x000A	0x018A      	CLRF       PCLATH
;EXIT_INT0.c,34 :: 		void interrupt()
;EXIT_INT0.c,36 :: 		if(INTCON.INTF)
0x000B	0x1C8B      	BTFSS      INTCON, 1
0x000C	0x282E      	GOTO       L_interrupt0
;EXIT_INT0.c,38 :: 		if(EXT_INT0_Callback != 0)
0x000D	0x0822      	MOVF       EXIT_INT0_EXT_INT0_Callback, 0
0x000E	0x00F1      	MOVWF      R1
0x000F	0x0823      	MOVF       EXIT_INT0_EXT_INT0_Callback+1, 0
0x0010	0x00F2      	MOVWF      R1+1
0x0011	0x0824      	MOVF       EXIT_INT0_EXT_INT0_Callback+2, 0
0x0012	0x00F3      	MOVWF      R1+2
0x0013	0x0825      	MOVF       EXIT_INT0_EXT_INT0_Callback+3, 0
0x0014	0x00F4      	MOVWF      R1+3
0x0015	0x3000      	MOVLW      0
0x0016	0x00F0      	MOVWF      R0
0x0017	0x0674      	XORWF      R1+3, 0
0x0018	0x1D03      	BTFSS      STATUS, 2
0x0019	0x2824      	GOTO       L__interrupt11
0x001A	0x0870      	MOVF       R0, 0
0x001B	0x0673      	XORWF      R1+2, 0
0x001C	0x1D03      	BTFSS      STATUS, 2
0x001D	0x2824      	GOTO       L__interrupt11
0x001E	0x0870      	MOVF       R0, 0
0x001F	0x0672      	XORWF      R1+1, 0
0x0020	0x1D03      	BTFSS      STATUS, 2
0x0021	0x2824      	GOTO       L__interrupt11
0x0022	0x0871      	MOVF       R1, 0
0x0023	0x3A00      	XORLW      0
L__interrupt11:
0x0024	0x1903      	BTFSC      STATUS, 2
0x0025	0x282D      	GOTO       L_interrupt1
;EXIT_INT0.c,40 :: 		EXT_INT0_Callback();   // Call application function
0x0026	0x0822      	MOVF       EXIT_INT0_EXT_INT0_Callback, 0
0x0027	0x00A0      	MOVWF      ___DoICPAddr
0x0028	0x0823      	MOVF       EXIT_INT0_EXT_INT0_Callback+1, 0
0x0029	0x00A1      	MOVWF      ___DoICPAddr+1
0x002A	0x2066      	CALL       _____DoIFC
0x002B	0x118A      	BCF        PCLATH, 3
0x002C	0x120A      	BCF        PCLATH, 4
;EXIT_INT0.c,41 :: 		}
L_interrupt1:
;EXIT_INT0.c,43 :: 		INTCON.INTF = 0;           // Clear flag
0x002D	0x108B      	BCF        INTCON, 1
;EXIT_INT0.c,44 :: 		}
L_interrupt0:
;EXIT_INT0.c,45 :: 		}
L_end_interrupt:
L__interrupt10:
0x002E	0x1283      	BCF        STATUS, 5
0x002F	0x1303      	BCF        STATUS, 6
0x0030	0x0826      	MOVF       ___savePCLATH, 0
0x0031	0x008A      	MOVWF      PCLATH
0x0032	0x0E25      	SWAPF      ___saveSTATUS, 0
0x0033	0x0083      	MOVWF      STATUS
0x0034	0x0EFF      	SWAPF      R15, 1
0x0035	0x0E7F      	SWAPF      R15, 0
0x0036	0x0009      	RETFIE
; end of _interrupt
_LED_Toggle:
;LED.c,9 :: 		void LED_Toggle(void)
;LED.c,11 :: 		PORTC.F0 = ~PORTC.F0;
0x0037	0x3001      	MOVLW      1
0x0038	0x1283      	BCF        STATUS, 5
0x0039	0x1303      	BCF        STATUS, 6
0x003A	0x0687      	XORWF      PORTC, 1
;LED.c,12 :: 		}
L_end_LED_Toggle:
0x003B	0x0008      	RETURN
; end of _LED_Toggle
_LED_Init:
;LED.c,3 :: 		void LED_Init(void)
;LED.c,5 :: 		TRISC.F0 = 0;
0x003C	0x1683      	BSF        STATUS, 5
0x003D	0x1303      	BCF        STATUS, 6
0x003E	0x1007      	BCF        TRISC, 0
;LED.c,6 :: 		PORTC.F0 = 0;
0x003F	0x1283      	BCF        STATUS, 5
0x0040	0x1007      	BCF        PORTC, 0
;LED.c,7 :: 		}
L_end_LED_Init:
0x0041	0x0008      	RETURN
; end of _LED_Init
_SWITCH_Init:
;SWITCH.c,3 :: 		void SWITCH_Init(unsigned char pin)
;SWITCH.c,5 :: 		TRISB.F0 = 1;
0x0042	0x1683      	BSF        STATUS, 5
0x0043	0x1303      	BCF        STATUS, 6
0x0044	0x1406      	BSF        TRISB, 0
;SWITCH.c,6 :: 		}
L_end_SWITCH_Init:
0x0045	0x0008      	RETURN
; end of _SWITCH_Init
_EXT_INT0_Init:
;EXIT_INT0.c,5 :: 		void EXT_INT0_Init(void)
;EXIT_INT0.c,7 :: 		TRISB.F0 = 1;            // RB0 input
0x0046	0x1683      	BSF        STATUS, 5
0x0047	0x1303      	BCF        STATUS, 6
0x0048	0x1406      	BSF        TRISB, 0
;EXIT_INT0.c,8 :: 		INTCON.INTE = 0;         // Disable first
0x0049	0x120B      	BCF        INTCON, 4
;EXIT_INT0.c,9 :: 		INTCON.INTF = 0;         // Clear flag
0x004A	0x108B      	BCF        INTCON, 1
;EXIT_INT0.c,10 :: 		}
L_end_EXT_INT0_Init:
0x004B	0x0008      	RETURN
; end of _EXT_INT0_Init
_EXT_INT0_SetEdge:
;EXIT_INT0.c,12 :: 		void EXT_INT0_SetEdge(unsigned char edge_type)
;EXIT_INT0.c,14 :: 		OPTION_REG.INTEDG = edge_type;
0x004C	0x1283      	BCF        STATUS, 5
0x004D	0x1303      	BCF        STATUS, 6
0x004E	0x1827      	BTFSC      FARG_EXT_INT0_SetEdge_edge_type, 0
0x004F	0x2853      	GOTO       L__EXT_INT0_SetEdge4
0x0050	0x1683      	BSF        STATUS, 5
0x0051	0x1301      	BCF        OPTION_REG, 6
0x0052	0x2855      	GOTO       L__EXT_INT0_SetEdge5
L__EXT_INT0_SetEdge4:
0x0053	0x1683      	BSF        STATUS, 5
0x0054	0x1701      	BSF        OPTION_REG, 6
L__EXT_INT0_SetEdge5:
;EXIT_INT0.c,15 :: 		}
L_end_EXT_INT0_SetEdge:
0x0055	0x0008      	RETURN
; end of _EXT_INT0_SetEdge
_EXT_INT0_SetCallback:
;EXIT_INT0.c,29 :: 		void EXT_INT0_SetCallback(void (*ptr)(void))
;EXIT_INT0.c,31 :: 		EXT_INT0_Callback = ptr;
0x0056	0x1283      	BCF        STATUS, 5
0x0057	0x1303      	BCF        STATUS, 6
0x0058	0x0827      	MOVF       FARG_EXT_INT0_SetCallback_ptr, 0
0x0059	0x00A2      	MOVWF      EXIT_INT0_EXT_INT0_Callback
0x005A	0x0828      	MOVF       FARG_EXT_INT0_SetCallback_ptr+1, 0
0x005B	0x00A3      	MOVWF      EXIT_INT0_EXT_INT0_Callback+1
0x005C	0x0829      	MOVF       FARG_EXT_INT0_SetCallback_ptr+2, 0
0x005D	0x00A4      	MOVWF      EXIT_INT0_EXT_INT0_Callback+2
0x005E	0x082A      	MOVF       FARG_EXT_INT0_SetCallback_ptr+3, 0
;EXIT_INT0.c,32 :: 		}
L_end_EXT_INT0_SetCallback:
0x005F	0x0008      	RETURN
; end of _EXT_INT0_SetCallback
_EXT_INT0_Enable:
;EXIT_INT0.c,17 :: 		void EXT_INT0_Enable(void)
;EXIT_INT0.c,19 :: 		INTCON.INTF = 0;
0x0060	0x108B      	BCF        INTCON, 1
;EXIT_INT0.c,20 :: 		INTCON.INTE = 1;
0x0061	0x160B      	BSF        INTCON, 4
;EXIT_INT0.c,21 :: 		INTCON.GIE  = 1;
0x0062	0x178B      	BSF        INTCON, 7
;EXIT_INT0.c,22 :: 		}
L_end_EXT_INT0_Enable:
0x0063	0x0008      	RETURN
; end of _EXT_INT0_Enable
_APP_ToggleLED:
;main.c,5 :: 		void APP_ToggleLED(void)
;main.c,7 :: 		LED_Toggle();
0x0064	0x2037      	CALL       _LED_Toggle
;main.c,8 :: 		}
L_end_APP_ToggleLED:
0x0065	0x0008      	RETURN
; end of _APP_ToggleLED
_____DoIFC:
;__Lib_System.c,15 :: 		
;__Lib_System.c,18 :: 		
0x0066	0x1283      	BCF        STATUS, 5
0x0067	0x1303      	BCF        STATUS, 6
0x0068	0x0821      	MOVF       ___DoICPAddr+1, 0
0x0069	0x008A      	MOVWF      PCLATH
;__Lib_System.c,19 :: 		
0x006A	0x0820      	MOVF       ___DoICPAddr, 0
0x006B	0x0082      	MOVWF      PCL
;__Lib_System.c,21 :: 		
L_end_____DoIFC:
0x006C	0x0008      	RETURN
; end of _____DoIFC
_main:
;main.c,10 :: 		void main()
;main.c,12 :: 		LED_Init();
0x006D	0x203C      	CALL       _LED_Init
;main.c,13 :: 		SWITCH_Init(0);
0x006E	0x01A7      	CLRF       FARG_SWITCH_Init_pin
0x006F	0x2042      	CALL       _SWITCH_Init
;main.c,15 :: 		EXT_INT0_Init();
0x0070	0x2046      	CALL       _EXT_INT0_Init
;main.c,16 :: 		EXT_INT0_SetEdge(RISING_EDGE);
0x0071	0x3001      	MOVLW      1
0x0072	0x1283      	BCF        STATUS, 5
0x0073	0x00A7      	MOVWF      FARG_EXT_INT0_SetEdge_edge_type
0x0074	0x204C      	CALL       _EXT_INT0_SetEdge
;main.c,17 :: 		EXT_INT0_SetCallback(APP_ToggleLED);
0x0075	0x3064      	MOVLW      _APP_ToggleLED
0x0076	0x1283      	BCF        STATUS, 5
0x0077	0x00A7      	MOVWF      FARG_EXT_INT0_SetCallback_ptr
0x0078	0x3000      	MOVLW      hi_addr(_APP_ToggleLED)
0x0079	0x00A8      	MOVWF      FARG_EXT_INT0_SetCallback_ptr+1
0x007A	0x3000      	MOVLW      0
0x007B	0x00A9      	MOVWF      FARG_EXT_INT0_SetCallback_ptr+2
0x007C	0x3000      	MOVLW      0
0x007D	0x2056      	CALL       _EXT_INT0_SetCallback
;main.c,18 :: 		EXT_INT0_Enable();
0x007E	0x2060      	CALL       _EXT_INT0_Enable
;main.c,20 :: 		while(1)
L_main0:
;main.c,23 :: 		}
0x007F	0x287F      	GOTO       L_main0
;main.c,24 :: 		}
L_end_main:
0x0080	0x2880      	GOTO       $+0
; end of _main
Symbol List:
//** Routines locations **
//ADDRESS    SIZE    PROCEDURE
//----------------------------------------------
0x0004      [51]    _interrupt
0x0037       [5]    _LED_Toggle
0x003C       [6]    _LED_Init
0x0042       [4]    _SWITCH_Init
0x0046       [6]    _EXT_INT0_Init
0x004C      [10]    _EXT_INT0_SetEdge
0x0056      [10]    _EXT_INT0_SetCallback
0x0060       [4]    _EXT_INT0_Enable
0x0064       [2]    _APP_ToggleLED
0x0066       [7]    _____DoIFC
0x006D      [20]    _main
//** Variables locations ** 
//ADDRESS    SIZE    VARIABLE
//----------------------------------------------
0x0000       [1]    INDF
0x0002       [1]    PCL
0x0003       [1]    STATUS
0x0004       [1]    FSR
0x0007       [1]    PORTC
0x000A       [1]    PCLATH
0x000B       [1]    INTCON
0x0020       [2]    ___DoICPAddr
0x0022       [3]    EXIT_INT0_EXT_INT0_Callback
0x0025       [1]    ___saveSTATUS
0x0026       [1]    ___savePCLATH
0x0027       [3]    FARG_EXT_INT0_SetCallback_ptr
0x0027       [1]    FARG_SWITCH_Init_pin
0x0027       [1]    FARG_EXT_INT0_SetEdge_edge_type
0x0070       [1]    R0
0x0071       [1]    R1
0x0072       [1]    R2
0x0073       [1]    R3
0x0074       [1]    R4
0x0075       [1]    R5
0x0076       [1]    R6
0x0077       [1]    R7
0x0078       [1]    R8
0x0079       [1]    R9
0x007A       [1]    R10
0x007B       [1]    R11
0x007C       [1]    R12
0x007D       [1]    R13
0x007E       [1]    R14
0x007F       [1]    R15
0x0081       [1]    OPTION_REG
0x0086       [1]    TRISB
0x0087       [1]    TRISC
